天气	天气	null	0
没有	快递	快递	1
无	快递	快递	1
快递	快递	快递	0
圆通	圆通速递	圆通快递	0
顺丰	顺丰速运	顺丰速运	0
中通	中通快递	中通快递	0
韵达	韵达快递	韵达快递	0
申通	申通速递	申通快递	0
百世汇通	百世汇通	百世汇通	0
ems	EMS	EMS	0
EMS	EMS	EMS	0
小姐	推拿	洗浴按摩	0
保健	推拿	洗浴按摩	0
推拿	推拿	按摩	0
按摩	推拿	按摩	0
手机回收	数码回收	手机回收	0
电脑回收	电脑回收	电脑回收	0
笔记本回收	电脑回收	电脑回收	0
相机回收	数码回收	相机回收	0
平板回收	数码回收	数码回收	0
汽车保养	汽车保养	汽车保养	0
洗车	汽车保养	汽车保养	0
美容	美容	美容SPA	0
美妆	美妆	美妆	0
化妆	美妆	美妆	0
厨师	厨师	null	0
上门做饭	厨师	null	0
蔬菜	生鲜配送	大超市	0
买菜	生鲜配送	大超市	0
肉	生鲜配送	大超市	0
酱油	生鲜配送	大超市	0
生鲜配送	生鲜配送	大超市	0
美甲	美甲	美甲	0
超市	超市	大超市	0
水果	超市	水果店	0
香烟	超市	便利店	0
零食	超市	大超市	0
代驾	代驾	代驾	0
打车	打车	null	0
打的	打车	null	0
洗衣	洗涤	洗衣	0
洗鞋	洗涤	null	0
洗窗帘	洗涤	null	0
洗大衣	洗涤	null	0
保洁	家庭保洁	家庭保洁	0
打扫	家庭保洁	家庭保洁	0
清洁	家庭保洁	家庭保洁	0
开锁换锁	开锁换锁	开锁换锁	0
开锁	开锁换锁	开锁换锁	0
换锁	开锁换锁	开锁换锁	0
修锁	开锁换锁	开锁换锁	0
保姆月嫂	保姆月嫂	保姆月嫂	0
保姆	保姆月嫂	保姆月嫂	0
月嫂	保姆月嫂	保姆月嫂	0
阿姨	保姆月嫂	保姆月嫂	0
钟点工	保姆月嫂	保姆月嫂	0
管道疏通	管道疏通	管道疏通	0
下水道	管道疏通	管道疏通	0
马桶疏通	马桶疏通	马桶疏通	0
堵了	管道疏通	管道疏通	0
搬家	搬家	搬家	0
房屋防水	房屋防水	房屋防水	0
漏水	房屋防水	房屋防水	0
防水	房屋防水	房屋防水	0
电脑维修	电脑维修	电脑维修	0
笔记本维修	电脑维修	电脑维修	0
修电脑	电脑维修	电脑维修	0
修笔记本	电脑维修	电脑维修	0
电脑坏了	电脑维修	电脑维修	0
笔记本坏了	电脑维修	电脑维修	0
手机维修	手机维修	手机维修	0
手机坏了	手机维修	手机维修	0
修手机	手机维修	手机维修	0
平板	手机维修	手机维修	0
家电维修	家电维修	家电维修	0
电视维修	家电维修	家电维修	0
冰箱维修	家电维修	家电维修	0
空调维修	家电维修	家电维修	0
洗衣机维修	家电维修	家电维修	0
油烟机维修	家电维修	家电维修	0
微波炉维修	家电维修	家电维修	0
烤箱维修	家电维修	家电维修	0
电池炉维修	家电维修	家电维修	0
灶台维修	家电维修	家电维修	0
电水壶维修	家电维修	家电维修	0
热水器维修	家电维修	家电维修	0
电饭煲维修	家电维修	家电维修	0
家电坏了	家电维修	家电维修	0
电视坏了	家电维修	家电维修	0
冰箱坏了	家电维修	家电维修	0
空调坏了	家电维修	家电维修	0
洗衣机坏了	家电维修	家电维修	0
油烟机坏了	家电维修	家电维修	0
微波炉坏了	家电维修	家电维修	0
烤箱坏了	家电维修	家电维修	0
电池炉坏了	家电维修	家电维修	0
灶台坏了	家电维修	家电维修	0
电水壶坏了	家电维修	家电维修	0
热水器坏了	家电维修	家电维修	0
电饭煲坏了	家电维修	家电维修	0
修家电	家电维修	家电维修	0
修电视	家电维修	家电维修	0
修冰箱	家电维修	家电维修	0
修空调	家电维修	家电维修	0
修洗衣机	家电维修	家电维修	0
修油烟机	家电维修	家电维修	0
修微波炉	家电维修	家电维修	0
修烤箱	家电维修	家电维修	0
修电池炉	家电维修	家电维修	0
修灶台	家电维修	家电维修	0
修电水壶	家电维修	家电维修	0
修热水器	家电维修	家电维修	0
修电饭煲	家电维修	家电维修	0
家电清洗	家电清洗	家电清洗	0
电视清洗	家电清洗	家电清洗	0
冰箱清洗	家电清洗	家电清洗	0
空调清洗	家电清洗	家电清洗	0
洗衣机清洗	家电清洗	家电清洗	0
油烟机清洗	家电清洗	家电清洗	0
微波炉清洗	家电清洗	家电清洗	0
饮水机清洗	家电清洗	家电清洗	0
家电脏了	家电清洗	家电清洗	0
电视脏了	家电清洗	家电清洗	0
冰箱脏了	家电清洗	家电清洗	0
空调脏了	家电清洗	家电清洗	0
洗衣机脏了	家电清洗	家电清洗	0
油烟机脏了	家电清洗	家电清洗	0
微波炉脏了	家电清洗	家电清洗	0
饮水机脏了	家电清洗	家电清洗	0
清洗家电	家电清洗	家电清洗	0
清洗电视	家电清洗	家电清洗	0
清洗冰箱	家电清洗	家电清洗	0
清洗空调	家电清洗	家电清洗	0
清洗洗衣机	家电清洗	家电清洗	0
清洗油烟机	家电清洗	家电清洗	0
清洗微波炉	家电清洗	家电清洗	0
清洗饮水机	家电清洗	家电清洗	0
家具维修	家具维修	家具维修	0
沙发维修	家具维修	家具维修	0
茶几维修	家具维修	家具维修	0
床维修	家具维修	家具维修	0
修家具	家具维修	家具维修	0
修沙发	家具维修	家具维修	0
修茶几	家具维修	家具维修	0
修床	家具维修	家具维修	0
家具坏了	家具维修	家具维修	0
沙发坏了	家具维修	家具维修	0
茶几坏了	家具维修	家具维修	0
床坏了	家具维修	家具维修	0
桶装水	桶装水	桶装水	0
送水	桶装水	桶装水	0
