挂号	医院	0
看病	医院	0
餐馆	美食	0
饭店	美食	0
酒店	酒店	0
小姐	洗浴按摩	0
保健	保健	0
手机回收	回收	0
电脑回收	回收	0
笔记本回收	回收	0
相机回收	回收	0
平板回收	回收	0
保养	汽车保养	0
咖啡	咖啡	0
电影	票务	0
演出	票务	0
话费	话费	0
充值	话费	0
美容	美容	0
美妆	美妆	0
化妆	美妆	0
厨师	厨师	0
上门做饭	厨师	0
蔬菜	生鲜配送	0
肉	生鲜配送	0
生鲜配送	生鲜配送	0
美甲	美甲	0
超市	超市	0
水果	超市	0
香烟	超市	0
零食	超市	0
代驾	代驾	0
回收	回收	0
打车	打车	0
打的	打车	0
推拿	推拿	0
按摩	推拿	0
天气	天气	0
没有	快递	1
无	快递	1
快递	快递	0
圆通	快递	0
顺丰	快递	0
洗衣	洗衣	0
洗鞋	洗衣	0
洗窗帘	洗衣	0
洗大衣	洗衣	0
外卖	外卖	0
家庭保洁	家庭保洁	0
保洁	家庭保洁	0
打扫	家庭保洁	0
清洁	家庭保洁	0
开锁换锁	开锁换锁	0
开锁	开锁换锁	0
换锁	开锁换锁	0
修锁	开锁换锁	0
保姆月嫂	保姆月嫂	0
保姆	保姆月嫂	0
月嫂	保姆月嫂	0
阿姨	保姆月嫂	0
管道疏通	管道疏通	0
下水道	管道疏通	0
堵了	管道疏通	0
搬家	搬家	0
房屋防水	房屋防水	0
漏水	房屋防水	0
防水	房屋防水	0
电脑维修	电脑维修	0
修电脑	电脑维修	0
电脑坏了	电脑维修	0
手机维修	手机维修	0
手机坏了	手机维修	0
修手机	手机维修	0
家电维修	家电维修	0
电视维修	家电维修	0
冰箱维修	家电维修	0
空调维修	家电维修	0
洗衣机维修	家电维修	0
家电坏了	家电维修	0
电视坏了	家电维修	0
冰箱坏了	家电维修	0
空调坏了	家电维修	0
洗衣机	家电维修	0
修家电	家电维修	0
修电视	家电维修	0
修冰箱	家电维修	0
修空调	家电维修	0
修洗衣机	家电维修	0
家具维修	家具维修	0
沙发维修	家具维修	0
茶几维修	家具维修	0
床维修	家具维修	0
修家具	家具维修	0
修沙发	家具维修	0
修茶几	家具维修	0
修床	家具维修	0
家具坏了	家具维修	0
沙发坏了	家具维修	0
茶几坏了	家具维修	0
床坏了	家具维修	0
桶装水	桶装水	0
送水	桶装水	0
